// Jest Snapshot v1, https://goo.gl/fbAQLP

exports[`root route 1`] = `
Object {
  "id": "5",
  "text": "anon",
}
`;

exports[`root route 2`] = `
Object {
  "id": "5",
  "text": "anon",
}
`;
