// Jest Snapshot v1, https://goo.gl/fbAQLP

exports[`root route 1`] = `
Object {
  "id": "4",
  "text": "ni8ceee",
}
`;
